stm32l4xx_hal.c:226:13:HAL_MspInit	0	static
stm32l4xx_hal.c:237:13:HAL_MspDeInit	0	static
stm32l4xx_hal.c:197:19:HAL_DeInit	8	static
stm32l4xx_hal.c:260:26:HAL_InitTick	8	static
stm32l4xx_hal.c:153:19:HAL_Init	8	static
stm32l4xx_hal.c:328:13:HAL_IncTick	0	static
stm32l4xx_hal.c:341:17:HAL_GetTick	0	static
stm32l4xx_hal.c:350:10:HAL_GetTickPrio	0	static
stm32l4xx_hal.c:360:19:HAL_SetTickFreq	8	static
stm32l4xx_hal.c:389:21:HAL_GetTickFreq	0	static
stm32l4xx_hal.c:405:13:HAL_Delay	16	static
stm32l4xx_hal.c:431:13:HAL_SuspendTick	0	static
stm32l4xx_hal.c:447:13:HAL_ResumeTick	0	static
stm32l4xx_hal.c:457:10:HAL_GetHalVersion	0	static
stm32l4xx_hal.c:466:10:HAL_GetREVID	0	static
stm32l4xx_hal.c:475:10:HAL_GetDEVID	0	static
stm32l4xx_hal.c:484:10:HAL_GetUIDw0	0	static
stm32l4xx_hal.c:493:10:HAL_GetUIDw1	0	static
stm32l4xx_hal.c:502:10:HAL_GetUIDw2	0	static
stm32l4xx_hal.c:531:6:HAL_DBGMCU_EnableDBGSleepMode	0	static
stm32l4xx_hal.c:540:6:HAL_DBGMCU_DisableDBGSleepMode	0	static
stm32l4xx_hal.c:549:6:HAL_DBGMCU_EnableDBGStopMode	0	static
stm32l4xx_hal.c:558:6:HAL_DBGMCU_DisableDBGStopMode	0	static
stm32l4xx_hal.c:567:6:HAL_DBGMCU_EnableDBGStandbyMode	0	static
stm32l4xx_hal.c:576:6:HAL_DBGMCU_DisableDBGStandbyMode	0	static
stm32l4xx_hal.c:609:6:HAL_SYSCFG_SRAM2Erase	0	static
stm32l4xx_hal.c:628:6:HAL_SYSCFG_EnableMemorySwappingBank	0	static
stm32l4xx_hal.c:643:6:HAL_SYSCFG_DisableMemorySwappingBank	0	static
stm32l4xx_hal.c:660:6:HAL_SYSCFG_VREFBUF_VoltageScalingConfig	8	static
stm32l4xx_hal.c:676:6:HAL_SYSCFG_VREFBUF_HighImpedanceConfig	8	static
stm32l4xx_hal.c:688:6:HAL_SYSCFG_VREFBUF_TrimmingConfig	8	static
stm32l4xx_hal.c:700:19:HAL_SYSCFG_EnableVREFBUF	8	static
stm32l4xx_hal.c:726:6:HAL_SYSCFG_DisableVREFBUF	0	static
stm32l4xx_hal.c:737:6:HAL_SYSCFG_EnableIOAnalogSwitchBooster	0	static
stm32l4xx_hal.c:747:6:HAL_SYSCFG_DisableIOAnalogSwitchBooster	0	static
