stm32l4xx_ll_rcc.c:1558:17:RCC_GetHCLKClockFreq	0	static
stm32l4xx_ll_rcc.c:1569:17:RCC_GetPCLK1ClockFreq	0	static
stm32l4xx_ll_rcc.c:1580:17:RCC_GetPCLK2ClockFreq	0	static
stm32l4xx_ll_rcc.c:1590:17:RCC_PLL_GetFreqDomain_SYS	0	static
stm32l4xx_ll_rcc.c:1516:17:RCC_GetSystemClockFreq	8	static
stm32l4xx_ll_rcc.c:1632:17:RCC_PLL_GetFreqDomain_SAI	0	static
stm32l4xx_ll_rcc.c:1674:17:RCC_PLL_GetFreqDomain_48M	0	static
stm32l4xx_ll_rcc.c:1758:17:RCC_PLLSAI1_GetFreqDomain_SAI	0	static
stm32l4xx_ll_rcc.c:1802:17:RCC_PLLSAI1_GetFreqDomain_48M	0	static
stm32l4xx_ll_rcc.c:1846:17:RCC_PLLSAI1_GetFreqDomain_ADC	0	static
stm32l4xx_ll_rcc.c:192:13:LL_RCC_DeInit	8	static
stm32l4xx_ll_rcc.c:333:6:LL_RCC_GetSystemClocksFreq	8	static
stm32l4xx_ll_rcc.c:359:10:LL_RCC_GetUSARTClockFreq	8	static
stm32l4xx_ll_rcc.c:567:10:LL_RCC_GetI2CClockFreq	8	static
stm32l4xx_ll_rcc.c:692:10:LL_RCC_GetLPUARTClockFreq	8	static
stm32l4xx_ll_rcc.c:739:10:LL_RCC_GetLPTIMClockFreq	8	static
stm32l4xx_ll_rcc.c:851:10:LL_RCC_GetSAIClockFreq	8	static
stm32l4xx_ll_rcc.c:1009:10:LL_RCC_GetSDMMCClockFreq	8	static
stm32l4xx_ll_rcc.c:1080:10:LL_RCC_GetRNGClockFreq	8	static
stm32l4xx_ll_rcc.c:1152:10:LL_RCC_GetUSBClockFreq	8	static
stm32l4xx_ll_rcc.c:1221:10:LL_RCC_GetADCClockFreq	8	static
stm32l4xx_ll_rcc.c:1276:10:LL_RCC_GetSWPMIClockFreq	8	static
