stm32l4xx_it.c:78:6:NMI_Handler	0	static
stm32l4xx_it.c:93:6:HardFault_Handler	0	static
stm32l4xx_it.c:108:6:MemManage_Handler	0	static
stm32l4xx_it.c:123:6:BusFault_Handler	0	static
stm32l4xx_it.c:138:6:UsageFault_Handler	0	static
stm32l4xx_it.c:153:6:SVC_Handler	0	static
stm32l4xx_it.c:166:6:DebugMon_Handler	0	static
stm32l4xx_it.c:179:6:PendSV_Handler	0	static
stm32l4xx_it.c:192:6:SysTick_Handler	8	static
stm32l4xx_it.c:213:6:DMA1_Channel1_IRQHandler	8	static
stm32l4xx_it.c:227:6:ADC1_IRQHandler	8	static
stm32l4xx_it.c:241:6:CAN1_TX_IRQHandler	8	static
stm32l4xx_it.c:255:6:CAN1_RX0_IRQHandler	8	static
stm32l4xx_it.c:269:6:CAN1_RX1_IRQHandler	8	static
stm32l4xx_it.c:283:6:CAN1_SCE_IRQHandler	8	static
stm32l4xx_it.c:297:6:I2C1_EV_IRQHandler	8	static
stm32l4xx_it.c:311:6:I2C1_ER_IRQHandler	8	static
stm32l4xx_it.c:325:6:SPI2_IRQHandler	8	static
stm32l4xx_it.c:339:6:USART1_IRQHandler	8	static
stm32l4xx_it.c:362:6:RTC_Alarm_IRQHandler	8	static
stm32l4xx_it.c:376:6:TIM7_IRQHandler	8	static
stm32l4xx_it.c:390:6:LPTIM1_IRQHandler	8	static
stm32l4xx_it.c:404:6:RNG_IRQHandler	8	static
