user_eeprom.c:374:6:readFromMemory	16	static
user_eeprom.c:631:6:getDeviceSignatureFromMemory	16	static
user_eeprom.c:722:6:HAL_I2C_MasterTxCpltCallback	0	static
user_eeprom.c:739:6:HAL_I2C_ErrorCallback	8	static
user_eeprom.c:760:6:updateMemoryOperationStatus	0	static
user_eeprom.c:787:6:initDefaultParameters	16	static
user_eeprom.c:814:6:initMemoryRead	0	static
user_eeprom.c:572:6:HAL_I2C_MemTxCpltCallback	8	static
user_eeprom.c:845:6:initMemoryWrite	0	static
user_eeprom.c:876:6:testEEPROM	16	static
user_eeprom.c:928:6:enableMemoryOperation	0	static
user_eeprom.c:950:6:writeDefaultParamtoMemory	16	static
user_eeprom.c:977:6:initSignatureWrite	0	static
user_eeprom.c:996:6:writeParametertoMemory	0	static
user_eeprom.c:1054:6:initSystemDefaultsfromMemory	16	static
user_eeprom.c:673:6:HAL_I2C_MemRxCpltCallback	8	static
user_eeprom.c:1098:10:getAvailableSpaceInMemoryPage	0	static
user_eeprom.c:1116:10:getFirstPageWriteSize	0	static
user_eeprom.c:1146:10:getLastPageWriteSize	0	static
user_eeprom.c:1169:10:getPageWriteCyclesRequired	0	static
user_eeprom.c:146:6:writeToMemory	32	static
